
   WARN  Metadata found in doc-comment for method Tests\Feature\InvoiceWorkflowTest::procurement_can_submit_tax_generated_invoice(). Metadata in doc-comments is deprecated and will no longer be supported in PHPUnit 12. Update your test code to use attributes instead.

   WARN  Metadata found in doc-comment for method Tests\Feature\InvoiceWorkflowTest::finance_can_approve_submitted_invoice(). Metadata in doc-comments is deprecated and will no longer be supported in PHPUnit 12. Update your test code to use attributes instead.

   WARN  Metadata found in doc-comment for method Tests\Feature\InvoiceWorkflowTest::finance_can_reject_submitted_invoice(). Metadata in doc-comments is deprecated and will no longer be supported in PHPUnit 12. Update your test code to use attributes instead.

   WARN  Metadata found in doc-comment for method Tests\Feature\InvoiceWorkflowTest::finance_can_mark_approved_invoice_as_paid(). Metadata in doc-comments is deprecated and will no longer be supported in PHPUnit 12. Update your test code to use attributes instead.

   WARN  Metadata found in doc-comment for method Tests\Feature\InvoiceWorkflowTest::procurement_cannot_approve_invoice(). Metadata in doc-comments is deprecated and will no longer be supported in PHPUnit 12. Update your test code to use attributes instead.

   WARN  Metadata found in doc-comment for method Tests\Feature\InvoiceWorkflowTest::cannot_skip_status_flow(). Metadata in doc-comments is deprecated and will no longer be supported in PHPUnit 12. Update your test code to use attributes instead.

   WARN  Metadata found in doc-comment for method Tests\Feature\InvoiceWorkflowTest::audit_trail_is_accessible(). Metadata in doc-comments is deprecated and will no longer be supported in PHPUnit 12. Update your test code to use attributes instead.

   FAIL  Tests\Feature\InvoiceWorkflowTest
  Ô¿» procurement can submit taÔÇª 0.35s  
  Ô¿» finance can approve submiÔÇª 0.05s  
  Ô¿» finance can reject submitÔÇª 0.06s  
  Ô¿» finance can mark approvedÔÇª 0.07s  
  Ô¿» procurement cannot approvÔÇª 0.04s  
  Ô¿» cannot skip status flow    0.04s  
  Ô¿» audit trail is accessible  0.05s  
  ÔöÇÔöÇÔöÇÔöÇÔöÇÔöÇÔöÇÔöÇÔöÇÔöÇÔöÇÔöÇÔöÇÔöÇÔöÇÔöÇÔöÇÔöÇÔöÇÔöÇÔöÇÔöÇÔöÇÔöÇÔöÇÔöÇÔöÇÔöÇÔöÇÔöÇÔöÇÔöÇÔöÇÔöÇ  
   FAILEDÔÇª   BadMethodCallException   
  Call to undefined method App\Models\PurchaseOrder::factory()

  at vendor\laravel\framework\src\Illuminate\Support\Traits\ForwardsCalls.php:67
     63Ôûò      * @throws \BadMethodCallException
     64Ôûò      */
     65Ôûò     protected static function throwBadMethodCallException($method)
     66Ôûò     {
  Ô×£  67Ôûò         throw new BadMethodCallException(sprintf(
     68Ôûò             'Call to undefined method %s::%s()', static::class, $method
     69Ôûò         ));
     70Ôûò     }
     71Ôûò }

  1   vendor\laravel\framework\src\Illuminate\Support\Traits\ForwardsCalls.php:67
  2   vendor\laravel\framework\src\Illuminate\Support\Traits\ForwardsCalls.php:36

  ÔöÇÔöÇÔöÇÔöÇÔöÇÔöÇÔöÇÔöÇÔöÇÔöÇÔöÇÔöÇÔöÇÔöÇÔöÇÔöÇÔöÇÔöÇÔöÇÔöÇÔöÇÔöÇÔöÇÔöÇÔöÇÔöÇÔöÇÔöÇÔöÇÔöÇÔöÇÔöÇÔöÇÔöÇ  
   FAILEDÔÇª   BadMethodCallException   
  Call to undefined method App\Models\PurchaseOrder::factory()

  at vendor\laravel\framework\src\Illuminate\Support\Traits\ForwardsCalls.php:67
     63Ôûò      * @throws \BadMethodCallException
     64Ôûò      */
     65Ôûò     protected static function throwBadMethodCallException($method)
     66Ôûò     {
  Ô×£  67Ôûò         throw new BadMethodCallException(sprintf(
     68Ôûò             'Call to undefined method %s::%s()', static::class, $method
     69Ôûò         ));
     70Ôûò     }
     71Ôûò }

  1   vendor\laravel\framework\src\Illuminate\Support\Traits\ForwardsCalls.php:67
  2   vendor\laravel\framework\src\Illuminate\Support\Traits\ForwardsCalls.php:36

  ÔöÇÔöÇÔöÇÔöÇÔöÇÔöÇÔöÇÔöÇÔöÇÔöÇÔöÇÔöÇÔöÇÔöÇÔöÇÔöÇÔöÇÔöÇÔöÇÔöÇÔöÇÔöÇÔöÇÔöÇÔöÇÔöÇÔöÇÔöÇÔöÇÔöÇÔöÇÔöÇÔöÇÔöÇ  
   FAILEDÔÇª   BadMethodCallException   
  Call to undefined method App\Models\PurchaseOrder::factory()

  at vendor\laravel\framework\src\Illuminate\Support\Traits\ForwardsCalls.php:67
     63Ôûò      * @throws \BadMethodCallException
     64Ôûò      */
     65Ôûò     protected static function throwBadMethodCallException($method)
     66Ôûò     {
  Ô×£  67Ôûò         throw new BadMethodCallException(sprintf(
     68Ôûò             'Call to undefined method %s::%s()', static::class, $method
     69Ôûò         ));
     70Ôûò     }
     71Ôûò }

  1   vendor\laravel\framework\src\Illuminate\Support\Traits\ForwardsCalls.php:67
  2   vendor\laravel\framework\src\Illuminate\Support\Traits\ForwardsCalls.php:36

  ÔöÇÔöÇÔöÇÔöÇÔöÇÔöÇÔöÇÔöÇÔöÇÔöÇÔöÇÔöÇÔöÇÔöÇÔöÇÔöÇÔöÇÔöÇÔöÇÔöÇÔöÇÔöÇÔöÇÔöÇÔöÇÔöÇÔöÇÔöÇÔöÇÔöÇÔöÇÔöÇÔöÇÔöÇ  
   FAILEDÔÇª   BadMethodCallException   
  Call to undefined method App\Models\PurchaseOrder::factory()

  at vendor\laravel\framework\src\Illuminate\Support\Traits\ForwardsCalls.php:67
     63Ôûò      * @throws \BadMethodCallException
     64Ôûò      */
     65Ôûò     protected static function throwBadMethodCallException($method)
     66Ôûò     {
  Ô×£  67Ôûò         throw new BadMethodCallException(sprintf(
     68Ôûò             'Call to undefined method %s::%s()', static::class, $method
     69Ôûò         ));
     70Ôûò     }
     71Ôûò }

  1   vendor\laravel\framework\src\Illuminate\Support\Traits\ForwardsCalls.php:67
  2   vendor\laravel\framework\src\Illuminate\Support\Traits\ForwardsCalls.php:36

  ÔöÇÔöÇÔöÇÔöÇÔöÇÔöÇÔöÇÔöÇÔöÇÔöÇÔöÇÔöÇÔöÇÔöÇÔöÇÔöÇÔöÇÔöÇÔöÇÔöÇÔöÇÔöÇÔöÇÔöÇÔöÇÔöÇÔöÇÔöÇÔöÇÔöÇÔöÇÔöÇÔöÇÔöÇ  
   FAILEDÔÇª   BadMethodCallException   
  Call to undefined method App\Models\PurchaseOrder::factory()

  at vendor\laravel\framework\src\Illuminate\Support\Traits\ForwardsCalls.php:67
     63Ôûò      * @throws \BadMethodCallException
     64Ôûò      */
     65Ôûò     protected static function throwBadMethodCallException($method)
     66Ôûò     {
  Ô×£  67Ôûò         throw new BadMethodCallException(sprintf(
     68Ôûò             'Call to undefined method %s::%s()', static::class, $method
     69Ôûò         ));
     70Ôûò     }
     71Ôûò }

  1   vendor\laravel\framework\src\Illuminate\Support\Traits\ForwardsCalls.php:67
  2   vendor\laravel\framework\src\Illuminate\Support\Traits\ForwardsCalls.php:36

  ÔöÇÔöÇÔöÇÔöÇÔöÇÔöÇÔöÇÔöÇÔöÇÔöÇÔöÇÔöÇÔöÇÔöÇÔöÇÔöÇÔöÇÔöÇÔöÇÔöÇÔöÇÔöÇÔöÇÔöÇÔöÇÔöÇÔöÇÔöÇÔöÇÔöÇÔöÇÔöÇÔöÇÔöÇ  
   FAILEDÔÇª   BadMethodCallException   
  Call to undefined method App\Models\PurchaseOrder::factory()

  at vendor\laravel\framework\src\Illuminate\Support\Traits\ForwardsCalls.php:67
     63Ôûò      * @throws \BadMethodCallException
     64Ôûò      */
     65Ôûò     protected static function throwBadMethodCallException($method)
     66Ôûò     {
  Ô×£  67Ôûò         throw new BadMethodCallException(sprintf(
     68Ôûò             'Call to undefined method %s::%s()', static::class, $method
     69Ôûò         ));
     70Ôûò     }
     71Ôûò }

  1   vendor\laravel\framework\src\Illuminate\Support\Traits\ForwardsCalls.php:67
  2   vendor\laravel\framework\src\Illuminate\Support\Traits\ForwardsCalls.php:36

  ÔöÇÔöÇÔöÇÔöÇÔöÇÔöÇÔöÇÔöÇÔöÇÔöÇÔöÇÔöÇÔöÇÔöÇÔöÇÔöÇÔöÇÔöÇÔöÇÔöÇÔöÇÔöÇÔöÇÔöÇÔöÇÔöÇÔöÇÔöÇÔöÇÔöÇÔöÇÔöÇÔöÇÔöÇ  
   FAILEDÔÇª   BadMethodCallException   
  Call to undefined method App\Models\PurchaseOrder::factory()

  at vendor\laravel\framework\src\Illuminate\Support\Traits\ForwardsCalls.php:67
     63Ôûò      * @throws \BadMethodCallException
     64Ôûò      */
     65Ôûò     protected static function throwBadMethodCallException($method)
     66Ôûò     {
  Ô×£  67Ôûò         throw new BadMethodCallException(sprintf(
     68Ôûò             'Call to undefined method %s::%s()', static::class, $method
     69Ôûò         ));
     70Ôûò     }
     71Ôûò }

  1   vendor\laravel\framework\src\Illuminate\Support\Traits\ForwardsCalls.php:67
  2   vendor\laravel\framework\src\Illuminate\Support\Traits\ForwardsCalls.php:36


  Tests:    7 failed (0 assertions)
  Duration: 0.80s

